-- The C compiler identification is GNU 14.2.0
-- The CXX compiler identification is GNU 14.2.0
-- Detecting C compiler ABI info
-- Detecting C compiler ABI info - done
-- Check for working C compiler: /usr/bin/cc - skipped
-- Detecting C compile features
-- Detecting C compile features - done
-- Detecting CXX compiler ABI info
-- Detecting CXX compiler ABI info - done
-- Check for working CXX compiler: /usr/bin/c++ - skipped
-- Detecting CXX compile features
-- Detecting CXX compile features - done
-- Performing Test COMPILER_SUPPORTS_SPR
-- Performing Test COMPILER_SUPPORTS_SPR - Success
-- Configuring done (13.7s)
-- Generating done (0.0s)
-- Build files have been written to: /home/h3250106394/lab02/build_perf
[ 80%] Building CXX object CMakeFiles/student.dir/student/moe_opt.cpp.o
[ 80%] Building CXX object CMakeFiles/framework.dir/main.cpp.o
[ 80%] Building CXX object CMakeFiles/framework.dir/src/moe_ref.cpp.o
[ 80%] Building CXX object CMakeFiles/framework.dir/src/data.cpp.o
[ 80%] Built target framework
[ 80%] Built target student
[100%] Linking CXX executable lab2
[100%] Built target lab2
===== S1: perf stat --topdown =====
problem size: num_tokens=1 d_model=256 d_ff=128 num_experts=16 top_k=4 (100000 iterations)
Optimized time: 0.316245 s
Result is correct! (rel RMSE: 7.08279e-08, worst token: 7.08279e-08 at 0)

 Performance counter stats for './build_perf/lab2 1 256 128 16 4 100000 --benchmark':

 %  tma_backend_bound      %  tma_retiring %  tma_bad_speculation %  tma_frontend_bound 
                        84.9                 10.9                             0.5                            3.7 

       0.333468202 seconds time elapsed

       1.572804000 seconds user
       0.027732000 seconds sys


===== S1: perf stat --topdown --td-level 2 =====
problem size: num_tokens=1 d_model=256 d_ff=128 num_experts=16 top_k=4 (100000 iterations)
Optimized time: 0.315831 s
Result is correct! (rel RMSE: 7.08279e-08, worst token: 7.08279e-08 at 0)

 Performance counter stats for './build_perf/lab2 1 256 128 16 4 100000 --benchmark':

 %  tma_branch_mispredicts    %  tma_core_bound %  tma_heavy_operations %  tma_light_operations  %  tma_memory_bound %  tma_fetch_bandwidth %  tma_fetch_latency %  tma_machine_clears 
                               0.3                         43.6                              4.5                              6.5                 41.2                             3.2                          0.5                            0.2 

       0.330727940 seconds time elapsed

       1.576230000 seconds user
       0.020002000 seconds sys


===== S1: perf stat --cycles,instructions,branches,branch-misses,cache-misses =====
problem size: num_tokens=1 d_model=256 d_ff=128 num_experts=16 top_k=4 (100000 iterations)
Optimized time: 0.308694 s
Result is correct! (rel RMSE: 7.08279e-08, worst token: 7.08279e-08 at 0)

 Performance counter stats for './build_perf/lab2 1 256 128 16 4 100000 --benchmark':

     4,266,016,366      cycles:u                                                              
     1,783,578,126      instructions:u                   #    0.42  insn per cycle            
       116,923,062      branches:u                                                            
           939,172      branch-misses:u                  #    0.80% of all branches           
            45,782      cache-misses:u                                                        

       0.324587092 seconds time elapsed

       1.537462000 seconds user
       0.023836000 seconds sys


