-- The C compiler identification is GNU 14.2.0
-- The CXX compiler identification is GNU 14.2.0
-- Detecting C compiler ABI info
-- Detecting C compiler ABI info - done
-- Check for working C compiler: /usr/bin/cc - skipped
-- Detecting C compile features
-- Detecting C compile features - done
-- Detecting CXX compiler ABI info
-- Detecting CXX compiler ABI info - done
-- Check for working CXX compiler: /usr/bin/c++ - skipped
-- Detecting CXX compile features
-- Detecting CXX compile features - done
-- Performing Test COMPILER_SUPPORTS_SPR
-- Performing Test COMPILER_SUPPORTS_SPR - Success
-- Configuring done (13.7s)
-- Generating done (0.0s)
-- Build files have been written to: /home/h3250106394/lab02/build_perf
[ 20%] Building CXX object CMakeFiles/framework.dir/main.cpp.o
[ 60%] Building CXX object CMakeFiles/student.dir/student/moe_opt.cpp.o
[ 80%] Building CXX object CMakeFiles/framework.dir/src/moe_ref.cpp.o
[ 80%] Building CXX object CMakeFiles/framework.dir/src/data.cpp.o
[ 80%] Built target framework
[ 80%] Built target student
[100%] Linking CXX executable lab2
[100%] Built target lab2
===== S1: perf stat --topdown =====
problem size: num_tokens=1 d_model=256 d_ff=128 num_experts=16 top_k=4 (2000 iterations)
Optimized time: 0.0100509 s
Result is correct! (rel RMSE: 6.07771e-08, worst token: 6.07771e-08 at 0)

 Performance counter stats for './build_perf/lab2 1 256 128 16 4 2000 --benchmark':

 %  tma_backend_bound      %  tma_retiring %  tma_bad_speculation %  tma_frontend_bound 
                        40.8                 52.2                             1.2                            5.9 

       0.025368455 seconds time elapsed

       0.025512000 seconds user
       0.000000000 seconds sys


===== S1: perf stat --topdown --td-level 2 =====
problem size: num_tokens=1 d_model=256 d_ff=128 num_experts=16 top_k=4 (2000 iterations)
Optimized time: 0.0106536 s
Result is correct! (rel RMSE: 6.07771e-08, worst token: 6.07771e-08 at 0)

 Performance counter stats for './build_perf/lab2 1 256 128 16 4 2000 --benchmark':

 %  tma_branch_mispredicts    %  tma_core_bound %  tma_heavy_operations %  tma_light_operations  %  tma_memory_bound %  tma_fetch_bandwidth %  tma_fetch_latency %  tma_machine_clears 
                               0.8                         31.3                              5.9                             44.9                         10.9                             5.1                          0.8                            0.4 

       0.023473758 seconds time elapsed

       0.015837000 seconds user
       0.007918000 seconds sys


===== S1: perf stat --cycles,instructions,branches,branch-misses,cache-misses =====
problem size: num_tokens=1 d_model=256 d_ff=128 num_experts=16 top_k=4 (2000 iterations)
Optimized time: 0.0106825 s
Result is correct! (rel RMSE: 6.07771e-08, worst token: 6.07771e-08 at 0)

 Performance counter stats for './build_perf/lab2 1 256 128 16 4 2000 --benchmark':

        55,685,279      cycles:u                                                              
       158,521,942      instructions:u                   #    2.85  insn per cycle            
        13,240,004      branches:u                                                            
            20,786      branch-misses:u                  #    0.16% of all branches           
            16,289      cache-misses:u                                                        

       0.023331236 seconds time elapsed

       0.019582000 seconds user
       0.003916000 seconds sys


