-- The C compiler identification is GNU 14.2.0
-- The CXX compiler identification is GNU 14.2.0
-- Detecting C compiler ABI info
-- Detecting C compiler ABI info - done
-- Check for working C compiler: /usr/bin/cc - skipped
-- Detecting C compile features
-- Detecting C compile features - done
-- Detecting CXX compiler ABI info
-- Detecting CXX compiler ABI info - done
-- Check for working CXX compiler: /usr/bin/c++ - skipped
-- Detecting CXX compile features
-- Detecting CXX compile features - done
-- Performing Test COMPILER_SUPPORTS_SPR
-- Performing Test COMPILER_SUPPORTS_SPR - Success
-- Configuring done (13.8s)
-- Generating done (0.0s)
-- Build files have been written to: /home/h3250106394/lab02/build_perf
[ 40%] Building CXX object CMakeFiles/student.dir/student/moe_opt.cpp.o
[ 40%] Building CXX object CMakeFiles/framework.dir/src/data.cpp.o
[ 80%] Building CXX object CMakeFiles/framework.dir/src/moe_ref.cpp.o
[ 80%] Building CXX object CMakeFiles/framework.dir/main.cpp.o
[ 80%] Built target framework
[ 80%] Built target student
[100%] Linking CXX executable lab2
[100%] Built target lab2
===== S1: perf stat --topdown =====
problem size: num_tokens=1 d_model=256 d_ff=128 num_experts=16 top_k=4 (100000 iterations)
Optimized time: 0.303864 s
Result is correct! (rel RMSE: 2.73894e-05, worst token: 2.73894e-05 at 0)

 Performance counter stats for './build_perf/lab2 1 256 128 16 4 100000 --benchmark':

 %  tma_backend_bound      %  tma_retiring %  tma_bad_speculation %  tma_frontend_bound 
                        84.4                 11.2                             0.6                            3.8 

       0.320688595 seconds time elapsed

       1.514220000 seconds user
       0.024035000 seconds sys


===== S1: perf stat --topdown --td-level 2 =====
problem size: num_tokens=1 d_model=256 d_ff=128 num_experts=16 top_k=4 (100000 iterations)
Optimized time: 0.299429 s
Result is correct! (rel RMSE: 2.73894e-05, worst token: 2.73894e-05 at 0)

 Performance counter stats for './build_perf/lab2 1 256 128 16 4 100000 --benchmark':

 %  tma_branch_mispredicts    %  tma_core_bound %  tma_heavy_operations %  tma_light_operations  %  tma_memory_bound %  tma_fetch_bandwidth %  tma_fetch_latency %  tma_machine_clears 
                               0.4                         42.9                              4.5                              6.7                 41.5                             3.3                          0.5                            0.2 

       0.315761607 seconds time elapsed

       1.484213000 seconds user
       0.032004000 seconds sys


===== S1: perf stat --cycles,instructions,branches,branch-misses,cache-misses =====
problem size: num_tokens=1 d_model=256 d_ff=128 num_experts=16 top_k=4 (100000 iterations)
Optimized time: 0.311758 s
Result is correct! (rel RMSE: 2.73894e-05, worst token: 2.73894e-05 at 0)

 Performance counter stats for './build_perf/lab2 1 256 128 16 4 100000 --benchmark':

        4295476058      cycles:u                                                              
        1736716938      instructions:u                   #    0.40  insn per cycle            
         116164007      branches:u                                                            
            939269      branch-misses:u                  #    0.81% of all branches           
             72044      cache-misses:u                                                        

       0.329009860 seconds time elapsed

       1.562018000 seconds user
       0.015979000 seconds sys


