-- The C compiler identification is GNU 14.2.0
-- The CXX compiler identification is GNU 14.2.0
-- Detecting C compiler ABI info
-- Detecting C compiler ABI info - done
-- Check for working C compiler: /usr/bin/cc - skipped
-- Detecting C compile features
-- Detecting C compile features - done
-- Detecting CXX compiler ABI info
-- Detecting CXX compiler ABI info - done
-- Check for working CXX compiler: /usr/bin/c++ - skipped
-- Detecting CXX compile features
-- Detecting CXX compile features - done
-- Performing Test COMPILER_SUPPORTS_SPR
-- Performing Test COMPILER_SUPPORTS_SPR - Success
-- Configuring done (13.8s)
-- Generating done (0.0s)
-- Build files have been written to: /home/h3250106394/lab02/build
[ 60%] Building CXX object CMakeFiles/framework.dir/src/data.cpp.o
[ 80%] Building CXX object CMakeFiles/framework.dir/main.cpp.o
[ 80%] Building CXX object CMakeFiles/student.dir/student/moe_opt.cpp.o
[ 80%] Building CXX object CMakeFiles/framework.dir/src/moe_ref.cpp.o
[ 80%] Built target student
[ 80%] Built target framework
[100%] Linking CXX executable lab2
[100%] Built target lab2
problem size: num_tokens=128 d_model=256 d_ff=128 num_experts=16 top_k=4 (1000 iterations)
Baseline time:  6.57991 s
Optimized time: 0.570969 s
Result is correct! (rel RMSE: 5.10005e-08, worst token: 6.44131e-08 at 80)
Speedup: 11.5241
