-- The C compiler identification is GNU 14.2.0
-- The CXX compiler identification is GNU 14.2.0
-- Detecting C compiler ABI info
-- Detecting C compiler ABI info - done
-- Check for working C compiler: /usr/bin/cc - skipped
-- Detecting C compile features
-- Detecting C compile features - done
-- Detecting CXX compiler ABI info
-- Detecting CXX compiler ABI info - done
-- Check for working CXX compiler: /usr/bin/c++ - skipped
-- Detecting CXX compile features
-- Detecting CXX compile features - done
-- Performing Test COMPILER_SUPPORTS_SPR
-- Performing Test COMPILER_SUPPORTS_SPR - Success
-- Configuring done (13.7s)
-- Generating done (0.0s)
-- Build files have been written to: /home/h3250106394/lab02/build
[ 40%] Building CXX object CMakeFiles/framework.dir/src/moe_ref.cpp.o
[ 40%] Building CXX object CMakeFiles/student.dir/student/moe_opt.cpp.o
[ 80%] Building CXX object CMakeFiles/framework.dir/src/data.cpp.o
[ 80%] Building CXX object CMakeFiles/framework.dir/main.cpp.o
[ 80%] Built target framework
[ 80%] Built target student
[100%] Linking CXX executable lab2
[100%] Built target lab2
===== S1 =====
problem size: num_tokens=1 d_model=256 d_ff=128 num_experts=16 top_k=4 (10000 iterations)
Baseline time:  0.517799 s
Optimized time: 0.0251976 s
Result is correct! (rel RMSE: 7.08279e-08, worst token: 7.08279e-08 at 0)
Speedup: 20.5495
===== S2 =====
problem size: num_tokens=1 d_model=1024 d_ff=512 num_experts=16 top_k=4 (10000 iterations)
Baseline time:  6.21546 s
Optimized time: 0.224612 s
Result is correct! (rel RMSE: 6.43357e-08, worst token: 6.43357e-08 at 0)
Speedup: 27.6719
===== S3 =====
problem size: num_tokens=128 d_model=256 d_ff=128 num_experts=16 top_k=4 (1000 iterations)
Baseline time:  6.64792 s
Optimized time: 0.0647629 s
Result is correct! (rel RMSE: 1.16967e-07, worst token: 2.47184e-07 at 125)
Speedup: 102.65
